# serializer version: 1
# name: test_entity_inventory
  dict({
    'binary_sensor.active_error': dict({
      'category': None,
      'device_class': <BinarySensorDeviceClass.PROBLEM: 'problem'>,
      'enabled_by_default': True,
      'in_logbook': True,
      'name': 'Active error',
      'state_class': None,
      'unit': None,
    }),
    'binary_sensor.backup_heater': dict({
      'category': None,
      'device_class': None,
      'enabled_by_default': False,
      'in_logbook': True,
      'name': 'Backup heater',
      'state_class': None,
      'unit': None,
    }),
    'binary_sensor.bus_problem': dict({
      'category': <EntityCategory.DIAGNOSTIC: 'diagnostic'>,
      'device_class': <BinarySensorDeviceClass.PROBLEM: 'problem'>,
      'enabled_by_default': True,
      'in_logbook': True,
      'name': 'RS485 problem',
      'state_class': None,
      'unit': None,
    }),
    'binary_sensor.compressor': dict({
      'category': None,
      'device_class': <BinarySensorDeviceClass.RUNNING: 'running'>,
      'enabled_by_default': True,
      'in_logbook': True,
      'name': 'Compressor',
      'state_class': None,
      'unit': None,
    }),
    'binary_sensor.defrosting': dict({
      'category': None,
      'device_class': None,
      'enabled_by_default': True,
      'in_logbook': True,
      'name': 'Defrosting',
      'state_class': None,
      'unit': None,
    }),
    'binary_sensor.fan': dict({
      'category': None,
      'device_class': <BinarySensorDeviceClass.RUNNING: 'running'>,
      'enabled_by_default': True,
      'in_logbook': True,
      'name': 'Fan',
      'state_class': None,
      'unit': None,
    }),
    'binary_sensor.heat_pump_connected': dict({
      'category': None,
      'device_class': <BinarySensorDeviceClass.CONNECTIVITY: 'connectivity'>,
      'enabled_by_default': True,
      'in_logbook': True,
      'name': 'Heat pump connected',
      'state_class': None,
      'unit': None,
    }),
    'binary_sensor.ota_pending_verify': dict({
      'category': <EntityCategory.DIAGNOSTIC: 'diagnostic'>,
      'device_class': None,
      'enabled_by_default': False,
      'in_logbook': True,
      'name': 'Firmware pending verification',
      'state_class': None,
      'unit': None,
    }),
    'binary_sensor.push_connected': dict({
      'category': <EntityCategory.DIAGNOSTIC: 'diagnostic'>,
      'device_class': <BinarySensorDeviceClass.CONNECTIVITY: 'connectivity'>,
      'enabled_by_default': True,
      'in_logbook': True,
      'name': 'Push connection',
      'state_class': None,
      'unit': None,
    }),
    'binary_sensor.reversing_valve_request': dict({
      'category': None,
      'device_class': None,
      'enabled_by_default': False,
      'in_logbook': True,
      'name': 'Reversing valve request',
      'state_class': None,
      'unit': None,
    }),
    'binary_sensor.safe_mode': dict({
      'category': <EntityCategory.DIAGNOSTIC: 'diagnostic'>,
      'device_class': <BinarySensorDeviceClass.PROBLEM: 'problem'>,
      'enabled_by_default': True,
      'in_logbook': True,
      'name': 'Safe mode',
      'state_class': None,
      'unit': None,
    }),
    'binary_sensor.time_sync_problem': dict({
      'category': <EntityCategory.DIAGNOSTIC: 'diagnostic'>,
      'device_class': <BinarySensorDeviceClass.PROBLEM: 'problem'>,
      'enabled_by_default': True,
      'in_logbook': True,
      'name': 'Time sync problem',
      'state_class': None,
      'unit': None,
    }),
    'binary_sensor.unit_power': dict({
      'category': None,
      'device_class': None,
      'enabled_by_default': True,
      'in_logbook': True,
      'name': 'Unit power',
      'state_class': None,
      'unit': None,
    }),
    'binary_sensor.water_pump': dict({
      'category': None,
      'device_class': <BinarySensorDeviceClass.RUNNING: 'running'>,
      'enabled_by_default': True,
      'in_logbook': True,
      'name': 'Water pump',
      'state_class': None,
      'unit': None,
    }),
    'button.restart': dict({
      'category': <EntityCategory.CONFIG: 'config'>,
      'device_class': <ButtonDeviceClass.RESTART: 'restart'>,
      'enabled_by_default': False,
      'in_logbook': True,
      'name': 'Restart',
      'state_class': None,
      'unit': None,
    }),
    'climate.climate': dict({
      'category': None,
      'device_class': None,
      'enabled_by_default': True,
      'in_logbook': True,
      'name': None,
      'state_class': None,
      'unit': None,
    }),
    'select.mode': dict({
      'category': None,
      'device_class': None,
      'enabled_by_default': True,
      'in_logbook': True,
      'name': 'Selected mode',
      'state_class': None,
      'unit': None,
    }),
    'sensor.ac_current': dict({
      'category': None,
      'device_class': <SensorDeviceClass.CURRENT: 'current'>,
      'enabled_by_default': True,
      'in_logbook': False,
      'name': 'AC current',
      'state_class': <SensorStateClass.MEASUREMENT: 'measurement'>,
      'unit': <UnitOfElectricCurrent.AMPERE: 'A'>,
    }),
    'sensor.ac_voltage': dict({
      'category': None,
      'device_class': <SensorDeviceClass.VOLTAGE: 'voltage'>,
      'enabled_by_default': True,
      'in_logbook': False,
      'name': 'AC voltage',
      'state_class': <SensorStateClass.MEASUREMENT: 'measurement'>,
      'unit': <UnitOfElectricPotential.VOLT: 'V'>,
    }),
    'sensor.active_setpoint': dict({
      'category': None,
      'device_class': <SensorDeviceClass.TEMPERATURE: 'temperature'>,
      'enabled_by_default': True,
      'in_logbook': False,
      'name': 'Active setpoint',
      'state_class': None,
      'unit': <UnitOfTemperature.CELSIUS: '°C'>,
    }),
    'sensor.brownout_count': dict({
      'category': <EntityCategory.DIAGNOSTIC: 'diagnostic'>,
      'device_class': None,
      'enabled_by_default': True,
      'in_logbook': False,
      'name': 'Brownout count',
      'state_class': <SensorStateClass.TOTAL_INCREASING: 'total_increasing'>,
      'unit': None,
    }),
    'sensor.bus_checksum_errors': dict({
      'category': <EntityCategory.DIAGNOSTIC: 'diagnostic'>,
      'device_class': None,
      'enabled_by_default': False,
      'in_logbook': False,
      'name': 'RS485 checksum errors',
      'state_class': <SensorStateClass.TOTAL_INCREASING: 'total_increasing'>,
      'unit': None,
    }),
    'sensor.bus_consecutive_failures': dict({
      'category': <EntityCategory.DIAGNOSTIC: 'diagnostic'>,
      'device_class': None,
      'enabled_by_default': True,
      'in_logbook': False,
      'name': 'RS485 consecutive failures',
      'state_class': <SensorStateClass.MEASUREMENT: 'measurement'>,
      'unit': None,
    }),
    'sensor.bus_frames_ok': dict({
      'category': <EntityCategory.DIAGNOSTIC: 'diagnostic'>,
      'device_class': None,
      'enabled_by_default': False,
      'in_logbook': False,
      'name': 'RS485 frames received',
      'state_class': <SensorStateClass.TOTAL_INCREASING: 'total_increasing'>,
      'unit': None,
    }),
    'sensor.bus_polls_no_response': dict({
      'category': <EntityCategory.DIAGNOSTIC: 'diagnostic'>,
      'device_class': None,
      'enabled_by_default': False,
      'in_logbook': False,
      'name': 'RS485 polls without response',
      'state_class': <SensorStateClass.TOTAL_INCREASING: 'total_increasing'>,
      'unit': None,
    }),
    'sensor.bus_polls_ok': dict({
      'category': <EntityCategory.DIAGNOSTIC: 'diagnostic'>,
      'device_class': None,
      'enabled_by_default': False,
      'in_logbook': False,
      'name': 'RS485 polls OK',
      'state_class': <SensorStateClass.TOTAL_INCREASING: 'total_increasing'>,
      'unit': None,
    }),
    'sensor.bus_polls_transport_error': dict({
      'category': <EntityCategory.DIAGNOSTIC: 'diagnostic'>,
      'device_class': None,
      'enabled_by_default': False,
      'in_logbook': False,
      'name': 'RS485 transport errors',
      'state_class': <SensorStateClass.TOTAL_INCREASING: 'total_increasing'>,
      'unit': None,
    }),
    'sensor.bus_resyncs': dict({
      'category': <EntityCategory.DIAGNOSTIC: 'diagnostic'>,
      'device_class': None,
      'enabled_by_default': False,
      'in_logbook': False,
      'name': 'RS485 resyncs',
      'state_class': <SensorStateClass.TOTAL_INCREASING: 'total_increasing'>,
      'unit': None,
    }),
    'sensor.bus_role': dict({
      'category': <EntityCategory.DIAGNOSTIC: 'diagnostic'>,
      'device_class': <SensorDeviceClass.ENUM: 'enum'>,
      'enabled_by_default': True,
      'in_logbook': True,
      'name': 'RS485 role',
      'state_class': None,
      'unit': None,
    }),
    'sensor.bus_writes_failed': dict({
      'category': <EntityCategory.DIAGNOSTIC: 'diagnostic'>,
      'device_class': None,
      'enabled_by_default': False,
      'in_logbook': False,
      'name': 'RS485 writes failed',
      'state_class': <SensorStateClass.TOTAL_INCREASING: 'total_increasing'>,
      'unit': None,
    }),
    'sensor.bus_writes_ok': dict({
      'category': <EntityCategory.DIAGNOSTIC: 'diagnostic'>,
      'device_class': None,
      'enabled_by_default': False,
      'in_logbook': False,
      'name': 'RS485 writes OK',
      'state_class': <SensorStateClass.TOTAL_INCREASING: 'total_increasing'>,
      'unit': None,
    }),
    'sensor.compressor_frequency': dict({
      'category': None,
      'device_class': <SensorDeviceClass.FREQUENCY: 'frequency'>,
      'enabled_by_default': True,
      'in_logbook': False,
      'name': 'Compressor frequency',
      'state_class': <SensorStateClass.MEASUREMENT: 'measurement'>,
      'unit': <UnitOfFrequency.HERTZ: 'Hz'>,
    }),
    'sensor.cooling_setpoint': dict({
      'category': None,
      'device_class': <SensorDeviceClass.TEMPERATURE: 'temperature'>,
      'enabled_by_default': True,
      'in_logbook': False,
      'name': 'Cooling setpoint',
      'state_class': None,
      'unit': <UnitOfTemperature.CELSIUS: '°C'>,
    }),
    'sensor.cop': dict({
      'category': None,
      'device_class': None,
      'enabled_by_default': True,
      'in_logbook': False,
      'name': 'Coefficient of performance',
      'state_class': <SensorStateClass.MEASUREMENT: 'measurement'>,
      'unit': None,
    }),
    'sensor.dc_voltage': dict({
      'category': None,
      'device_class': <SensorDeviceClass.VOLTAGE: 'voltage'>,
      'enabled_by_default': True,
      'in_logbook': False,
      'name': 'DC bus voltage',
      'state_class': <SensorStateClass.MEASUREMENT: 'measurement'>,
      'unit': <UnitOfElectricPotential.VOLT: 'V'>,
    }),
    'sensor.discharge_temperature': dict({
      'category': None,
      'device_class': <SensorDeviceClass.TEMPERATURE: 'temperature'>,
      'enabled_by_default': True,
      'in_logbook': False,
      'name': 'Discharge temperature',
      'state_class': <SensorStateClass.MEASUREMENT: 'measurement'>,
      'unit': <UnitOfTemperature.CELSIUS: '°C'>,
    }),
    'sensor.expansion_valve_position': dict({
      'category': None,
      'device_class': None,
      'enabled_by_default': True,
      'in_logbook': False,
      'name': 'Expansion valve position',
      'state_class': <SensorStateClass.MEASUREMENT: 'measurement'>,
      'unit': 'steps',
    }),
    'sensor.fan_level': dict({
      'category': None,
      'device_class': None,
      'enabled_by_default': True,
      'in_logbook': True,
      'name': 'Fan level',
      'state_class': None,
      'unit': None,
    }),
    'sensor.fan_speed': dict({
      'category': None,
      'device_class': None,
      'enabled_by_default': True,
      'in_logbook': False,
      'name': 'Fan speed',
      'state_class': <SensorStateClass.MEASUREMENT: 'measurement'>,
      'unit': 'rpm',
    }),
    'sensor.fault_code': dict({
      'category': None,
      'device_class': <SensorDeviceClass.ENUM: 'enum'>,
      'enabled_by_default': True,
      'in_logbook': True,
      'name': 'Fault code',
      'state_class': None,
      'unit': None,
    }),
    'sensor.heating_setpoint': dict({
      'category': None,
      'device_class': <SensorDeviceClass.TEMPERATURE: 'temperature'>,
      'enabled_by_default': True,
      'in_logbook': False,
      'name': 'Heating setpoint',
      'state_class': None,
      'unit': <UnitOfTemperature.CELSIUS: '°C'>,
    }),
    'sensor.hostname': dict({
      'category': <EntityCategory.DIAGNOSTIC: 'diagnostic'>,
      'device_class': None,
      'enabled_by_default': True,
      'in_logbook': True,
      'name': 'Hostname',
      'state_class': None,
      'unit': None,
    }),
    'sensor.hot_water_setpoint': dict({
      'category': None,
      'device_class': <SensorDeviceClass.TEMPERATURE: 'temperature'>,
      'enabled_by_default': True,
      'in_logbook': False,
      'name': 'Hot water setpoint',
      'state_class': None,
      'unit': <UnitOfTemperature.CELSIUS: '°C'>,
    }),
    'sensor.indoor_coil_temperature': dict({
      'category': None,
      'device_class': <SensorDeviceClass.TEMPERATURE: 'temperature'>,
      'enabled_by_default': True,
      'in_logbook': False,
      'name': 'Indoor coil temperature',
      'state_class': <SensorStateClass.MEASUREMENT: 'measurement'>,
      'unit': <UnitOfTemperature.CELSIUS: '°C'>,
    }),
    'sensor.inlet_temperature': dict({
      'category': None,
      'device_class': <SensorDeviceClass.TEMPERATURE: 'temperature'>,
      'enabled_by_default': True,
      'in_logbook': False,
      'name': 'Inlet temperature',
      'state_class': <SensorStateClass.MEASUREMENT: 'measurement'>,
      'unit': <UnitOfTemperature.CELSIUS: '°C'>,
    }),
    'sensor.internal_free_memory': dict({
      'category': <EntityCategory.DIAGNOSTIC: 'diagnostic'>,
      'device_class': <SensorDeviceClass.DATA_SIZE: 'data_size'>,
      'enabled_by_default': False,
      'in_logbook': False,
      'name': 'Free internal memory',
      'state_class': <SensorStateClass.MEASUREMENT: 'measurement'>,
      'unit': <UnitOfInformation.BYTES: 'B'>,
    }),
    'sensor.internal_largest_free_block': dict({
      'category': <EntityCategory.DIAGNOSTIC: 'diagnostic'>,
      'device_class': <SensorDeviceClass.DATA_SIZE: 'data_size'>,
      'enabled_by_default': False,
      'in_logbook': False,
      'name': 'Largest free internal block',
      'state_class': <SensorStateClass.MEASUREMENT: 'measurement'>,
      'unit': <UnitOfInformation.BYTES: 'B'>,
    }),
    'sensor.internal_min_free_memory': dict({
      'category': <EntityCategory.DIAGNOSTIC: 'diagnostic'>,
      'device_class': <SensorDeviceClass.DATA_SIZE: 'data_size'>,
      'enabled_by_default': False,
      'in_logbook': False,
      'name': 'Minimum free internal memory',
      'state_class': <SensorStateClass.MEASUREMENT: 'measurement'>,
      'unit': <UnitOfInformation.BYTES: 'B'>,
    }),
    'sensor.ip_address': dict({
      'category': <EntityCategory.DIAGNOSTIC: 'diagnostic'>,
      'device_class': None,
      'enabled_by_default': True,
      'in_logbook': True,
      'name': 'IP address',
      'state_class': None,
      'unit': None,
    }),
    'sensor.ipm_temperature': dict({
      'category': None,
      'device_class': <SensorDeviceClass.TEMPERATURE: 'temperature'>,
      'enabled_by_default': True,
      'in_logbook': False,
      'name': 'IPM temperature',
      'state_class': <SensorStateClass.MEASUREMENT: 'measurement'>,
      'unit': <UnitOfTemperature.CELSIUS: '°C'>,
    }),
    'sensor.last_boot': dict({
      'category': <EntityCategory.DIAGNOSTIC: 'diagnostic'>,
      'device_class': <SensorDeviceClass.TIMESTAMP: 'timestamp'>,
      'enabled_by_default': True,
      'in_logbook': True,
      'name': 'Last boot',
      'state_class': None,
      'unit': None,
    }),
    'sensor.last_reset_reason': dict({
      'category': <EntityCategory.DIAGNOSTIC: 'diagnostic'>,
      'device_class': <SensorDeviceClass.ENUM: 'enum'>,
      'enabled_by_default': True,
      'in_logbook': True,
      'name': 'Last reset reason',
      'state_class': None,
      'unit': None,
    }),
    'sensor.operation': dict({
      'category': None,
      'device_class': <SensorDeviceClass.ENUM: 'enum'>,
      'enabled_by_default': True,
      'in_logbook': True,
      'name': 'Operation',
      'state_class': None,
      'unit': None,
    }),
    'sensor.outdoor_coil_temperature': dict({
      'category': None,
      'device_class': <SensorDeviceClass.TEMPERATURE: 'temperature'>,
      'enabled_by_default': True,
      'in_logbook': False,
      'name': 'Outdoor coil temperature',
      'state_class': <SensorStateClass.MEASUREMENT: 'measurement'>,
      'unit': <UnitOfTemperature.CELSIUS: '°C'>,
    }),
    'sensor.outdoor_temperature': dict({
      'category': None,
      'device_class': <SensorDeviceClass.TEMPERATURE: 'temperature'>,
      'enabled_by_default': True,
      'in_logbook': False,
      'name': 'Outdoor temperature',
      'state_class': <SensorStateClass.MEASUREMENT: 'measurement'>,
      'unit': <UnitOfTemperature.CELSIUS: '°C'>,
    }),
    'sensor.outlet_temperature': dict({
      'category': None,
      'device_class': <SensorDeviceClass.TEMPERATURE: 'temperature'>,
      'enabled_by_default': True,
      'in_logbook': False,
      'name': 'Outlet temperature',
      'state_class': <SensorStateClass.MEASUREMENT: 'measurement'>,
      'unit': <UnitOfTemperature.CELSIUS: '°C'>,
    }),
    'sensor.panic_count': dict({
      'category': <EntityCategory.DIAGNOSTIC: 'diagnostic'>,
      'device_class': None,
      'enabled_by_default': True,
      'in_logbook': False,
      'name': 'Crash count',
      'state_class': <SensorStateClass.TOTAL_INCREASING: 'total_increasing'>,
      'unit': None,
    }),
    'sensor.power': dict({
      'category': None,
      'device_class': <SensorDeviceClass.POWER: 'power'>,
      'enabled_by_default': True,
      'in_logbook': False,
      'name': 'Power',
      'state_class': <SensorStateClass.MEASUREMENT: 'measurement'>,
      'unit': <UnitOfPower.WATT: 'W'>,
    }),
    'sensor.suction_temperature': dict({
      'category': None,
      'device_class': <SensorDeviceClass.TEMPERATURE: 'temperature'>,
      'enabled_by_default': True,
      'in_logbook': False,
      'name': 'Suction temperature',
      'state_class': <SensorStateClass.MEASUREMENT: 'measurement'>,
      'unit': <UnitOfTemperature.CELSIUS: '°C'>,
    }),
    'sensor.tank_temperature': dict({
      'category': None,
      'device_class': <SensorDeviceClass.TEMPERATURE: 'temperature'>,
      'enabled_by_default': True,
      'in_logbook': False,
      'name': 'Tank temperature',
      'state_class': <SensorStateClass.MEASUREMENT: 'measurement'>,
      'unit': <UnitOfTemperature.CELSIUS: '°C'>,
    }),
    'sensor.thermal_output': dict({
      'category': None,
      'device_class': <SensorDeviceClass.POWER: 'power'>,
      'enabled_by_default': True,
      'in_logbook': False,
      'name': 'Thermal output',
      'state_class': <SensorStateClass.MEASUREMENT: 'measurement'>,
      'unit': <UnitOfPower.WATT: 'W'>,
    }),
    'sensor.watchdog_count': dict({
      'category': <EntityCategory.DIAGNOSTIC: 'diagnostic'>,
      'device_class': None,
      'enabled_by_default': True,
      'in_logbook': False,
      'name': 'Watchdog reset count',
      'state_class': <SensorStateClass.TOTAL_INCREASING: 'total_increasing'>,
      'unit': None,
    }),
    'sensor.wifi_disconnect_count': dict({
      'category': <EntityCategory.DIAGNOSTIC: 'diagnostic'>,
      'device_class': None,
      'enabled_by_default': True,
      'in_logbook': False,
      'name': 'Wi-Fi disconnects',
      'state_class': <SensorStateClass.TOTAL_INCREASING: 'total_increasing'>,
      'unit': None,
    }),
    'sensor.wifi_last_disconnect_reason': dict({
      'category': <EntityCategory.DIAGNOSTIC: 'diagnostic'>,
      'device_class': None,
      'enabled_by_default': False,
      'in_logbook': True,
      'name': 'Wi-Fi last disconnect reason',
      'state_class': None,
      'unit': None,
    }),
    'sensor.wifi_rssi': dict({
      'category': <EntityCategory.DIAGNOSTIC: 'diagnostic'>,
      'device_class': <SensorDeviceClass.SIGNAL_STRENGTH: 'signal_strength'>,
      'enabled_by_default': False,
      'in_logbook': False,
      'name': 'Wi-Fi signal',
      'state_class': <SensorStateClass.MEASUREMENT: 'measurement'>,
      'unit': 'dBm',
    }),
    'sensor.wifi_ssid': dict({
      'category': <EntityCategory.DIAGNOSTIC: 'diagnostic'>,
      'device_class': None,
      'enabled_by_default': False,
      'in_logbook': True,
      'name': 'Wi-Fi network',
      'state_class': None,
      'unit': None,
    }),
    'sensor.working_mode': dict({
      'category': None,
      'device_class': <SensorDeviceClass.ENUM: 'enum'>,
      'enabled_by_default': True,
      'in_logbook': True,
      'name': 'Working mode',
      'state_class': None,
      'unit': None,
    }),
    'update.firmware_update': dict({
      'category': <EntityCategory.CONFIG: 'config'>,
      'device_class': <UpdateDeviceClass.FIRMWARE: 'firmware'>,
      'enabled_by_default': True,
      'in_logbook': True,
      'name': 'Firmware',
      'state_class': None,
      'unit': None,
    }),
  })
# ---
